1753293421.240982 client started (353579): version 3.4, socket /tmp/tmux-1000/default, protocol 8
1753293421.241010 on Linux 6.8.0-64-generic #67~22.04.1-Ubuntu SMP PREEMPT_DYNAMIC Tue Jun 24 15:19:46 UTC 2
1753293421.241013 using libevent 2.1.12-stable poll
1753293421.241014 using ncurses 6.3 20211021
1753293421.241030 flags are 0x10010000
1753293421.241031 socket is /tmp/tmux-1000/default
1753293421.241067 trying connect
1753293421.241142 add peer 0x5c7df0821460: 6 ((nil))
1753293421.241575 sending message 100 to peer 0x5c7df0821460 (4 bytes)
1753293421.241584 sending message 111 to peer 0x5c7df0821460 (8 bytes)
1753293421.241585 sending message 101 to peer 0x5c7df0821460 (14 bytes)
1753293421.241593 sending message 109 to peer 0x5c7df0821460 (4 bytes)
1753293421.241594 sending message 102 to peer 0x5c7df0821460 (11 bytes)
1753293421.241595 sending message 108 to peer 0x5c7df0821460 (23 bytes)
1753293421.241596 sending message 112 to peer 0x5c7df0821460 (70 bytes)
1753293421.241597 sending message 112 to peer 0x5c7df0821460 (5 bytes)
1753293421.241598 sending message 112 to peer 0x5c7df0821460 (5 bytes)
1753293421.241599 sending message 112 to peer 0x5c7df0821460 (6 bytes)
1753293421.241600 sending message 112 to peer 0x5c7df0821460 (6 bytes)
1753293421.241601 sending message 112 to peer 0x5c7df0821460 (11 bytes)
1753293421.241602 sending message 112 to peer 0x5c7df0821460 (10 bytes)
1753293421.241603 sending message 112 to peer 0x5c7df0821460 (13 bytes)
1753293421.241604 sending message 112 to peer 0x5c7df0821460 (13 bytes)
1753293421.241605 sending message 112 to peer 0x5c7df0821460 (18 bytes)
1753293421.241606 sending message 112 to peer 0x5c7df0821460 (11 bytes)
1753293421.241607 sending message 112 to peer 0x5c7df0821460 (10 bytes)
1753293421.241607 sending message 112 to peer 0x5c7df0821460 (15 bytes)
1753293421.241608 sending message 112 to peer 0x5c7df0821460 (21 bytes)
1753293421.241609 sending message 112 to peer 0x5c7df0821460 (13 bytes)
1753293421.241610 sending message 112 to peer 0x5c7df0821460 (7 bytes)
1753293421.241611 sending message 112 to peer 0x5c7df0821460 (13 bytes)
1753293421.241612 sending message 112 to peer 0x5c7df0821460 (7 bytes)
1753293421.241613 sending message 112 to peer 0x5c7df0821460 (13 bytes)
1753293421.241614 sending message 112 to peer 0x5c7df0821460 (9 bytes)
1753293421.241615 sending message 112 to peer 0x5c7df0821460 (21 bytes)
1753293421.241616 sending message 112 to peer 0x5c7df0821460 (13 bytes)
1753293421.241617 sending message 112 to peer 0x5c7df0821460 (8 bytes)
1753293421.241618 sending message 112 to peer 0x5c7df0821460 (12 bytes)
1753293421.241618 sending message 112 to peer 0x5c7df0821460 (13 bytes)
1753293421.241619 sending message 112 to peer 0x5c7df0821460 (9 bytes)
1753293421.241620 sending message 112 to peer 0x5c7df0821460 (9 bytes)
1753293421.241621 sending message 112 to peer 0x5c7df0821460 (12 bytes)
1753293421.241622 sending message 112 to peer 0x5c7df0821460 (8 bytes)
1753293421.241623 sending message 112 to peer 0x5c7df0821460 (8 bytes)
1753293421.241624 sending message 112 to peer 0x5c7df0821460 (7 bytes)
1753293421.241625 sending message 112 to peer 0x5c7df0821460 (7 bytes)
1753293421.241626 sending message 112 to peer 0x5c7df0821460 (9 bytes)
1753293421.241627 sending message 112 to peer 0x5c7df0821460 (13 bytes)
1753293421.241628 sending message 112 to peer 0x5c7df0821460 (6 bytes)
1753293421.241629 sending message 112 to peer 0x5c7df0821460 (9 bytes)
1753293421.241630 sending message 112 to peer 0x5c7df0821460 (15 bytes)
1753293421.241631 sending message 112 to peer 0x5c7df0821460 (13 bytes)
1753293421.241631 sending message 112 to peer 0x5c7df0821460 (12 bytes)
1753293421.241632 sending message 112 to peer 0x5c7df0821460 (8 bytes)
1753293421.241633 sending message 112 to peer 0x5c7df0821460 (14 bytes)
1753293421.241634 sending message 112 to peer 0x5c7df0821460 (11 bytes)
1753293421.241635 sending message 112 to peer 0x5c7df0821460 (9 bytes)
1753293421.241636 sending message 112 to peer 0x5c7df0821460 (10 bytes)
1753293421.241637 sending message 112 to peer 0x5c7df0821460 (10 bytes)
1753293421.241649 sending message 112 to peer 0x5c7df0821460 (10 bytes)
1753293421.241650 sending message 112 to peer 0x5c7df0821460 (10 bytes)
1753293421.241650 sending message 112 to peer 0x5c7df0821460 (11 bytes)
1753293421.241651 sending message 112 to peer 0x5c7df0821460 (12 bytes)
1753293421.241652 sending message 112 to peer 0x5c7df0821460 (12 bytes)
1753293421.241653 sending message 112 to peer 0x5c7df0821460 (12 bytes)
1753293421.241654 sending message 112 to peer 0x5c7df0821460 (12 bytes)
1753293421.241655 sending message 112 to peer 0x5c7df0821460 (12 bytes)
1753293421.241656 sending message 112 to peer 0x5c7df0821460 (11 bytes)
1753293421.241657 sending message 112 to peer 0x5c7df0821460 (11 bytes)
1753293421.241658 sending message 112 to peer 0x5c7df0821460 (12 bytes)
1753293421.241659 sending message 112 to peer 0x5c7df0821460 (12 bytes)
1753293421.241660 sending message 112 to peer 0x5c7df0821460 (12 bytes)
1753293421.241661 sending message 112 to peer 0x5c7df0821460 (12 bytes)
1753293421.241662 sending message 112 to peer 0x5c7df0821460 (12 bytes)
1753293421.241662 sending message 112 to peer 0x5c7df0821460 (10 bytes)
1753293421.241663 sending message 112 to peer 0x5c7df0821460 (12 bytes)
1753293421.241664 sending message 112 to peer 0x5c7df0821460 (13 bytes)
1753293421.241665 sending message 112 to peer 0x5c7df0821460 (13 bytes)
1753293421.241666 sending message 112 to peer 0x5c7df0821460 (13 bytes)
1753293421.241667 sending message 112 to peer 0x5c7df0821460 (13 bytes)
1753293421.241668 sending message 112 to peer 0x5c7df0821460 (13 bytes)
1753293421.241669 sending message 112 to peer 0x5c7df0821460 (8 bytes)
1753293421.241670 sending message 112 to peer 0x5c7df0821460 (11 bytes)
1753293421.241671 sending message 112 to peer 0x5c7df0821460 (11 bytes)
1753293421.241672 sending message 112 to peer 0x5c7df0821460 (11 bytes)
1753293421.241673 sending message 112 to peer 0x5c7df0821460 (12 bytes)
1753293421.241674 sending message 112 to peer 0x5c7df0821460 (12 bytes)
1753293421.241675 sending message 112 to peer 0x5c7df0821460 (12 bytes)
1753293421.241676 sending message 112 to peer 0x5c7df0821460 (12 bytes)
1753293421.241676 sending message 112 to peer 0x5c7df0821460 (13 bytes)
1753293421.241677 sending message 112 to peer 0x5c7df0821460 (13 bytes)
1753293421.241678 sending message 112 to peer 0x5c7df0821460 (13 bytes)
1753293421.241679 sending message 112 to peer 0x5c7df0821460 (8 bytes)
1753293421.241680 sending message 112 to peer 0x5c7df0821460 (13 bytes)
1753293421.241681 sending message 112 to peer 0x5c7df0821460 (13 bytes)
1753293421.241682 sending message 112 to peer 0x5c7df0821460 (13 bytes)
1753293421.241683 sending message 112 to peer 0x5c7df0821460 (13 bytes)
1753293421.241684 sending message 112 to peer 0x5c7df0821460 (13 bytes)
1753293421.241685 sending message 112 to peer 0x5c7df0821460 (12 bytes)
1753293421.241686 sending message 112 to peer 0x5c7df0821460 (12 bytes)
1753293421.241687 sending message 112 to peer 0x5c7df0821460 (12 bytes)
1753293421.241688 sending message 112 to peer 0x5c7df0821460 (12 bytes)
1753293421.241689 sending message 112 to peer 0x5c7df0821460 (13 bytes)
1753293421.241690 sending message 112 to peer 0x5c7df0821460 (8 bytes)
1753293421.241690 sending message 112 to peer 0x5c7df0821460 (13 bytes)
1753293421.241691 sending message 112 to peer 0x5c7df0821460 (13 bytes)
1753293421.241692 sending message 112 to peer 0x5c7df0821460 (13 bytes)
1753293421.241693 sending message 112 to peer 0x5c7df0821460 (13 bytes)
1753293421.241694 sending message 112 to peer 0x5c7df0821460 (13 bytes)
1753293421.241695 sending message 112 to peer 0x5c7df0821460 (13 bytes)
1753293421.241696 sending message 112 to peer 0x5c7df0821460 (13 bytes)
1753293421.241697 sending message 112 to peer 0x5c7df0821460 (12 bytes)
1753293421.241698 sending message 112 to peer 0x5c7df0821460 (12 bytes)
1753293421.241699 sending message 112 to peer 0x5c7df0821460 (12 bytes)
1753293421.241700 sending message 112 to peer 0x5c7df0821460 (8 bytes)
1753293421.241701 sending message 112 to peer 0x5c7df0821460 (12 bytes)
1753293421.241704 sending message 112 to peer 0x5c7df0821460 (13 bytes)
1753293421.241705 sending message 112 to peer 0x5c7df0821460 (13 bytes)
1753293421.241706 sending message 112 to peer 0x5c7df0821460 (13 bytes)
1753293421.241707 sending message 112 to peer 0x5c7df0821460 (13 bytes)
1753293421.241708 sending message 112 to peer 0x5c7df0821460 (13 bytes)
1753293421.241709 sending message 112 to peer 0x5c7df0821460 (13 bytes)
1753293421.241710 sending message 112 to peer 0x5c7df0821460 (13 bytes)
1753293421.241711 sending message 112 to peer 0x5c7df0821460 (13 bytes)
1753293421.241711 sending message 112 to peer 0x5c7df0821460 (12 bytes)
1753293421.241712 sending message 112 to peer 0x5c7df0821460 (10 bytes)
1753293421.241713 sending message 112 to peer 0x5c7df0821460 (12 bytes)
1753293421.241714 sending message 112 to peer 0x5c7df0821460 (12 bytes)
1753293421.241715 sending message 112 to peer 0x5c7df0821460 (12 bytes)
1753293421.241716 sending message 112 to peer 0x5c7df0821460 (13 bytes)
1753293421.241717 sending message 112 to peer 0x5c7df0821460 (13 bytes)
1753293421.241718 sending message 112 to peer 0x5c7df0821460 (13 bytes)
1753293421.241719 sending message 112 to peer 0x5c7df0821460 (13 bytes)
1753293421.241720 sending message 112 to peer 0x5c7df0821460 (13 bytes)
1753293421.241721 sending message 112 to peer 0x5c7df0821460 (13 bytes)
1753293421.241722 sending message 112 to peer 0x5c7df0821460 (13 bytes)
1753293421.241723 sending message 112 to peer 0x5c7df0821460 (10 bytes)
1753293421.241724 sending message 112 to peer 0x5c7df0821460 (13 bytes)
1753293421.241724 sending message 112 to peer 0x5c7df0821460 (12 bytes)
1753293421.241725 sending message 112 to peer 0x5c7df0821460 (12 bytes)
1753293421.241726 sending message 112 to peer 0x5c7df0821460 (12 bytes)
1753293421.241727 sending message 112 to peer 0x5c7df0821460 (10 bytes)
1753293421.241728 sending message 112 to peer 0x5c7df0821460 (10 bytes)
1753293421.241729 sending message 112 to peer 0x5c7df0821460 (10 bytes)
1753293421.241730 sending message 112 to peer 0x5c7df0821460 (12 bytes)
1753293421.241731 sending message 112 to peer 0x5c7df0821460 (13 bytes)
1753293421.241732 sending message 112 to peer 0x5c7df0821460 (13 bytes)
1753293421.241733 sending message 112 to peer 0x5c7df0821460 (13 bytes)
1753293421.241734 sending message 112 to peer 0x5c7df0821460 (13 bytes)
1753293421.241735 sending message 112 to peer 0x5c7df0821460 (13 bytes)
1753293421.241736 sending message 112 to peer 0x5c7df0821460 (11 bytes)
1753293421.241737 sending message 112 to peer 0x5c7df0821460 (11 bytes)
1753293421.241737 sending message 112 to peer 0x5c7df0821460 (12 bytes)
1753293421.241738 sending message 112 to peer 0x5c7df0821460 (12 bytes)
1753293421.241739 sending message 112 to peer 0x5c7df0821460 (12 bytes)
1753293421.241740 sending message 112 to peer 0x5c7df0821460 (12 bytes)
1753293421.241741 sending message 112 to peer 0x5c7df0821460 (12 bytes)
1753293421.241742 sending message 112 to peer 0x5c7df0821460 (11 bytes)
1753293421.241743 sending message 112 to peer 0x5c7df0821460 (12 bytes)
1753293421.241744 sending message 112 to peer 0x5c7df0821460 (12 bytes)
1753293421.241745 sending message 112 to peer 0x5c7df0821460 (13 bytes)
1753293421.241746 sending message 112 to peer 0x5c7df0821460 (13 bytes)
1753293421.241747 sending message 112 to peer 0x5c7df0821460 (13 bytes)
1753293421.241748 sending message 112 to peer 0x5c7df0821460 (13 bytes)
1753293421.241749 sending message 112 to peer 0x5c7df0821460 (13 bytes)
1753293421.241749 sending message 112 to peer 0x5c7df0821460 (10 bytes)
1753293421.241750 sending message 112 to peer 0x5c7df0821460 (9 bytes)
1753293421.241751 sending message 112 to peer 0x5c7df0821460 (12 bytes)
1753293421.241752 sending message 112 to peer 0x5c7df0821460 (13 bytes)
1753293421.241753 sending message 112 to peer 0x5c7df0821460 (13 bytes)
1753293421.241754 sending message 112 to peer 0x5c7df0821460 (13 bytes)
1753293421.241755 sending message 112 to peer 0x5c7df0821460 (13 bytes)
1753293421.241756 sending message 112 to peer 0x5c7df0821460 (13 bytes)
1753293421.241758 sending message 112 to peer 0x5c7df0821460 (9 bytes)
1753293421.241759 sending message 112 to peer 0x5c7df0821460 (12 bytes)
1753293421.241760 sending message 112 to peer 0x5c7df0821460 (13 bytes)
1753293421.241761 sending message 112 to peer 0x5c7df0821460 (13 bytes)
1753293421.241762 sending message 112 to peer 0x5c7df0821460 (13 bytes)
1753293421.241762 sending message 112 to peer 0x5c7df0821460 (13 bytes)
1753293421.241763 sending message 112 to peer 0x5c7df0821460 (13 bytes)
1753293421.241764 sending message 112 to peer 0x5c7df0821460 (11 bytes)
1753293421.241765 sending message 112 to peer 0x5c7df0821460 (12 bytes)
1753293421.241766 sending message 112 to peer 0x5c7df0821460 (13 bytes)
1753293421.241767 sending message 112 to peer 0x5c7df0821460 (13 bytes)
1753293421.241768 sending message 112 to peer 0x5c7df0821460 (13 bytes)
1753293421.241769 sending message 112 to peer 0x5c7df0821460 (13 bytes)
1753293421.241770 sending message 112 to peer 0x5c7df0821460 (13 bytes)
1753293421.241771 sending message 112 to peer 0x5c7df0821460 (11 bytes)
1753293421.241772 sending message 112 to peer 0x5c7df0821460 (12 bytes)
1753293421.241773 sending message 112 to peer 0x5c7df0821460 (12 bytes)
1753293421.241774 sending message 112 to peer 0x5c7df0821460 (12 bytes)
1753293421.241775 sending message 112 to peer 0x5c7df0821460 (12 bytes)
1753293421.241776 sending message 112 to peer 0x5c7df0821460 (12 bytes)
1753293421.241778 sending message 112 to peer 0x5c7df0821460 (21 bytes)
1753293421.241779 sending message 112 to peer 0x5c7df0821460 (12 bytes)
1753293421.241780 sending message 112 to peer 0x5c7df0821460 (9 bytes)
1753293421.241781 sending message 112 to peer 0x5c7df0821460 (6 bytes)
1753293421.241782 sending message 112 to peer 0x5c7df0821460 (8 bytes)
1753293421.241783 sending message 112 to peer 0x5c7df0821460 (15 bytes)
1753293421.241784 sending message 112 to peer 0x5c7df0821460 (13 bytes)
1753293421.241785 sending message 112 to peer 0x5c7df0821460 (9 bytes)
1753293421.241786 sending message 112 to peer 0x5c7df0821460 (70 bytes)
1753293421.241787 sending message 112 to peer 0x5c7df0821460 (69 bytes)
1753293421.241788 sending message 112 to peer 0x5c7df0821460 (10 bytes)
1753293421.241789 sending message 112 to peer 0x5c7df0821460 (10 bytes)
1753293421.241790 sending message 112 to peer 0x5c7df0821460 (8 bytes)
1753293421.241791 sending message 112 to peer 0x5c7df0821460 (15 bytes)
1753293421.241792 sending message 112 to peer 0x5c7df0821460 (13 bytes)
1753293421.241793 sending message 112 to peer 0x5c7df0821460 (10 bytes)
1753293421.241794 sending message 112 to peer 0x5c7df0821460 (10 bytes)
1753293421.241795 sending message 112 to peer 0x5c7df0821460 (17 bytes)
1753293421.241796 sending message 112 to peer 0x5c7df0821460 (10 bytes)
1753293421.241797 sending message 112 to peer 0x5c7df0821460 (13 bytes)
1753293421.241798 sending message 112 to peer 0x5c7df0821460 (9 bytes)
1753293421.241799 sending message 112 to peer 0x5c7df0821460 (5 bytes)
1753293421.241800 sending message 112 to peer 0x5c7df0821460 (15 bytes)
1753293421.241801 sending message 104 to peer 0x5c7df0821460 (0 bytes)
1753293421.241803 sending message 110 to peer 0x5c7df0821460 (0 bytes)
1753293421.241804 sending message 107 to peer 0x5c7df0821460 (4 bytes)
1753293421.241805 sending message 105 to peer 0x5c7df0821460 (40 bytes)
1753293421.241806 sending message 105 to peer 0x5c7df0821460 (57 bytes)
1753293421.241807 sending message 105 to peer 0x5c7df0821460 (29 bytes)
1753293421.241808 sending message 105 to peer 0x5c7df0821460 (20 bytes)
1753293421.241809 sending message 105 to peer 0x5c7df0821460 (26 bytes)
1753293421.241810 sending message 105 to peer 0x5c7df0821460 (54 bytes)
1753293421.241811 sending message 105 to peer 0x5c7df0821460 (23 bytes)
1753293421.241812 sending message 105 to peer 0x5c7df0821460 (11 bytes)
1753293421.241813 sending message 105 to peer 0x5c7df0821460 (12 bytes)
1753293421.241814 sending message 105 to peer 0x5c7df0821460 (18 bytes)
1753293421.241815 sending message 105 to peer 0x5c7df0821460 (68 bytes)
1753293421.241818 sending message 105 to peer 0x5c7df0821460 (37 bytes)
1753293421.241819 sending message 105 to peer 0x5c7df0821460 (24 bytes)
1753293421.241820 sending message 105 to peer 0x5c7df0821460 (33 bytes)
1753293421.241821 sending message 105 to peer 0x5c7df0821460 (44 bytes)
1753293421.241822 sending message 105 to peer 0x5c7df0821460 (32 bytes)
1753293421.241830 sending message 105 to peer 0x5c7df0821460 (52 bytes)
1753293421.241833 sending message 105 to peer 0x5c7df0821460 (22 bytes)
1753293421.241834 sending message 105 to peer 0x5c7df0821460 (47 bytes)
1753293421.241835 sending message 105 to peer 0x5c7df0821460 (18 bytes)
1753293421.241836 sending message 105 to peer 0x5c7df0821460 (47 bytes)
1753293421.241837 sending message 105 to peer 0x5c7df0821460 (23 bytes)
1753293421.241838 sending message 105 to peer 0x5c7df0821460 (17 bytes)
1753293421.241839 sending message 105 to peer 0x5c7df0821460 (21 bytes)
1753293421.241840 sending message 105 to peer 0x5c7df0821460 (21 bytes)
1753293421.241842 sending message 105 to peer 0x5c7df0821460 (183 bytes)
1753293421.241843 sending message 105 to peer 0x5c7df0821460 (8 bytes)
1753293421.241844 sending message 105 to peer 0x5c7df0821460 (15 bytes)
1753293421.241845 sending message 105 to peer 0x5c7df0821460 (32 bytes)
1753293421.241846 sending message 105 to peer 0x5c7df0821460 (1519 bytes)
1753293421.241848 sending message 105 to peer 0x5c7df0821460 (16 bytes)
1753293421.241849 sending message 105 to peer 0x5c7df0821460 (52 bytes)
1753293421.241850 sending message 105 to peer 0x5c7df0821460 (16 bytes)
1753293421.241851 sending message 105 to peer 0x5c7df0821460 (26 bytes)
1753293421.241852 sending message 105 to peer 0x5c7df0821460 (61 bytes)
1753293421.241853 sending message 105 to peer 0x5c7df0821460 (30 bytes)
1753293421.241854 sending message 105 to peer 0x5c7df0821460 (11 bytes)
1753293421.241855 sending message 105 to peer 0x5c7df0821460 (704 bytes)
1753293421.241856 sending message 105 to peer 0x5c7df0821460 (27 bytes)
1753293421.241857 sending message 105 to peer 0x5c7df0821460 (19 bytes)
1753293421.241858 sending message 105 to peer 0x5c7df0821460 (21 bytes)
1753293421.241859 sending message 105 to peer 0x5c7df0821460 (88 bytes)
1753293421.241860 sending message 105 to peer 0x5c7df0821460 (19 bytes)
1753293421.241861 sending message 105 to peer 0x5c7df0821460 (8 bytes)
1753293421.241863 sending message 105 to peer 0x5c7df0821460 (70 bytes)
1753293421.241864 sending message 105 to peer 0x5c7df0821460 (25 bytes)
1753293421.241865 sending message 105 to peer 0x5c7df0821460 (33 bytes)
1753293421.241866 sending message 105 to peer 0x5c7df0821460 (41 bytes)
1753293421.241867 sending message 105 to peer 0x5c7df0821460 (22 bytes)
1753293421.241868 sending message 105 to peer 0x5c7df0821460 (19 bytes)
1753293421.241869 sending message 105 to peer 0x5c7df0821460 (18 bytes)
1753293421.241870 sending message 105 to peer 0x5c7df0821460 (25 bytes)
1753293421.241871 sending message 105 to peer 0x5c7df0821460 (37 bytes)
1753293421.241872 sending message 105 to peer 0x5c7df0821460 (13 bytes)
1753293421.241873 sending message 105 to peer 0x5c7df0821460 (60 bytes)
1753293421.241874 sending message 105 to peer 0x5c7df0821460 (12 bytes)
1753293421.241875 sending message 105 to peer 0x5c7df0821460 (16 bytes)
1753293421.241876 sending message 105 to peer 0x5c7df0821460 (18 bytes)
1753293421.241877 sending message 105 to peer 0x5c7df0821460 (13 bytes)
1753293421.241878 sending message 105 to peer 0x5c7df0821460 (41 bytes)
1753293421.241879 sending message 105 to peer 0x5c7df0821460 (45 bytes)
1753293421.241880 sending message 105 to peer 0x5c7df0821460 (33 bytes)
1753293421.241881 sending message 105 to peer 0x5c7df0821460 (181 bytes)
1753293421.241882 sending message 105 to peer 0x5c7df0821460 (23 bytes)
1753293421.241883 sending message 105 to peer 0x5c7df0821460 (31 bytes)
1753293421.241884 sending message 105 to peer 0x5c7df0821460 (23 bytes)
1753293421.241885 sending message 105 to peer 0x5c7df0821460 (27 bytes)
1753293421.241886 sending message 105 to peer 0x5c7df0821460 (21 bytes)
1753293421.241890 sending message 105 to peer 0x5c7df0821460 (20 bytes)
1753293421.241891 sending message 105 to peer 0x5c7df0821460 (28 bytes)
1753293421.241892 sending message 105 to peer 0x5c7df0821460 (22 bytes)
1753293421.241893 sending message 105 to peer 0x5c7df0821460 (37 bytes)
1753293421.241894 sending message 106 to peer 0x5c7df0821460 (0 bytes)
1753293421.241936 sending message 200 to peer 0x5c7df0821460 (4 bytes)
1753293421.241938 client loop enter
1753293421.242698 peer 0x5c7df0821460 message 303
1753293421.242723 open write file 2 -
1753293421.242730 sending message 305 to peer 0x5c7df0821460 (8 bytes)
1753293421.242739 write check file 2
1753293421.242917 peer 0x5c7df0821460 message 304
1753293421.242919 write 58 to file 2
1753293421.242920 peer 0x5c7df0821460 message 203
1753293421.242922 file 2 58 bytes left
1753293421.242926 write check file 2
1753293421.242927 client loop exit
